python : test_ambiguou
s_intent_classificatio
n (test_barge_in_phras
e_guard.TestBargeInPhr
aseGuard.test_ambiguou
s_intent_classificatio
n)
At line:1 char:22
+ ... ONPATH="."; 
python -m unittest 
discover tests -p 
"test_barge_in_phras 
...
+                 ~~~~
~~~~~~~~~~~~~~~~~~~~~~
~~~~~~~~~~~~~~~~~~~~~~
~~~~~~~~~
    + CategoryInfo    
          : NotSpeci  
  fied: (test_ambig   
 uous_...classific    
ation):String) []    
, RemoteException
    + FullyQualifiedE 
   rrorId : NativeCo  
  mmandError
 
[MEDIUM-P5-01] Ensure 
short/garbage input 
is classified as 
AMBIGUOUS. ... ok
test_interruption_cons
tant_metadata_removed 
(test_barge_in_phrase_
guard.TestBargeInPhras
eGuard.test_interrupti
on_constant_metadata_r
emoved)
[CRITICAL-P5-01] 
Ensure the Forbidden 
Phrase constant is 
strictly undefined. 
... ok
test_partial_match_sen
sitive_logic (test_bar
ge_in_phrase_guard.Tes
tBargeInPhraseGuard.te
st_partial_match_sensi
tive_logic)
[HARDENING] Ensure 
substring matches for 
sensitive categories 
are enforced. ... 
[GOVERNANCE] 
Non-English detected 
by langdetect: et 
(1.00), density=0.75. 
Blocking by design 
(Phase 1 
English-only). 
Text='i need 
visastatus info'
FAIL

======================
======================
======================
====
FAIL: test_partial_mat
ch_sensitive_logic (te
st_barge_in_phrase_gua
rd.TestBargeInPhraseGu
ard.test_partial_match
_sensitive_logic)
[HARDENING] Ensure 
substring matches for 
sensitive categories 
are enforced.
----------------------
----------------------
----------------------
----
Traceback (most 
recent call last):
  File "C:\Users\akume
\OneDrive\Desktop\Ai 
voice agent\tests\test
_barge_in_phrase_guard
.py", line 43, in test
_partial_match_sensiti
ve_logic
    self.assertEqual(p
olicy.classify_intent(
"i need visastatus 
info"), "HARD_REFUSAL_
IMMIGRATION")
    ~~~~~~~~~~~~~~~~^^
^^^^^^^^^^^^^^^^^^^^^^
^^^^^^^^^^^^^^^^^^^^^^
^^^^^^^^^^^^^^^^^^^^^^
^^^^^^^^^^
AssertionError: 'HARD_
REFUSAL_LANGUAGE' != '
HARD_REFUSAL_IMMIGRATI
ON'
- 
HARD_REFUSAL_LANGUAGE
+ HARD_REFUSAL_IMMIGRA
TION


----------------------
----------------------
----------------------
----
Ran 3 tests in 0.173s

FAILED (failures=1)

--- Testing AMBIGUOUS Intent ---
PASS: Ambiguity gate correctly identifies non-intents.

--- Testing Forbidden Phrase Removal ---
PASS: PRDScripts.INTERRUPTION is undefined.

--- Testing Partial Match Governance ---
